[     903ms] [ERROR] Mixed Content: The page at 'https://www.automationexercise.com/login' was loaded over HTTPS, but requested an insecure stylesheet 'http://fonts.googleapis.com/css?family=Roboto:400,300,400italic,500,700,100'. This request has been blocked; the content must be served over HTTPS. @ https://www.automationexercise.com/login:18
[     903ms] [ERROR] Mixed Content: The page at 'https://www.automationexercise.com/login' was loaded over HTTPS, but requested an insecure stylesheet 'http://fonts.googleapis.com/css?family=Open+Sans:400,800,300,600,700'. This request has been blocked; the content must be served over HTTPS. @ https://www.automationexercise.com/login:18
[     903ms] [ERROR] Mixed Content: The page at 'https://www.automationexercise.com/login' was loaded over HTTPS, but requested an insecure stylesheet 'http://fonts.googleapis.com/css?family=Abel'. This request has been blocked; the content must be served over HTTPS. @ https://www.automationexercise.com/login:18
[     910ms] [VERBOSE] [DOM] Input elements should have autocomplete attributes (suggested: "current-password"): (More info: https://goo.gl/9p2vKq) %o @ https://www.automationexercise.com/login:0
[    2055ms] [ERROR] Attestation check for Shared Storage on https://www.googleadservices.com failed. @ https://www.googleadservices.com/pagead/managed/js/activeview/current/reach_worklet.html:0
[    2056ms] [ERROR] Attestation check for Shared Storage on https://www.googleadservices.com failed. @ https://www.googleadservices.com/pagead/managed/js/activeview/current/reach_worklet.html:0
[  119054ms] [ERROR] Mixed Content: The page at 'https://www.automationexercise.com/signup' was loaded over HTTPS, but requested an insecure stylesheet 'http://fonts.googleapis.com/css?family=Roboto:400,300,400italic,500,700,100'. This request has been blocked; the content must be served over HTTPS. @ https://www.automationexercise.com/signup:18
[  119054ms] [ERROR] Mixed Content: The page at 'https://www.automationexercise.com/signup' was loaded over HTTPS, but requested an insecure stylesheet 'http://fonts.googleapis.com/css?family=Open+Sans:400,800,300,600,700'. This request has been blocked; the content must be served over HTTPS. @ https://www.automationexercise.com/signup:18
[  119054ms] [ERROR] Mixed Content: The page at 'https://www.automationexercise.com/signup' was loaded over HTTPS, but requested an insecure stylesheet 'http://fonts.googleapis.com/css?family=Abel'. This request has been blocked; the content must be served over HTTPS. @ https://www.automationexercise.com/signup:18
[  119071ms] [VERBOSE] [DOM] Input elements should have autocomplete attributes (suggested: "current-password"): (More info: https://goo.gl/9p2vKq) %o @ https://www.automationexercise.com/signup:0
[  120221ms] [ERROR] Failed to load resource: net::ERR_NAME_NOT_RESOLVED @ https://z.moatads.com/havasfrorangedcmdisplay758646212611/moatad.js#moatClientLevel1=31026873&moatClientLevel2=4440622&moatClientLevel3=380981581&moatClientLevel4=231640799&zMoatADV=9229046&zMoatDBMIOID=&zMoatDBMCampID=&zMoatDBMCreaID=&zMoatENV=j:0
[  120232ms] [ERROR] Attestation check for Shared Storage on https://www.googleadservices.com failed. @ https://www.googleadservices.com/pagead/managed/js/activeview/current/reach_worklet.html:0
[  120221ms] [ERROR] Failed to load resource: net::ERR_NAME_NOT_RESOLVED @ https://z.moatads.com/havasfrorangedcmdisplay758646212611/moatad.js#moatClientLevel1=31026873&moatClientLevel2=4440622&moatClientLevel3=380981581&moatClientLevel4=231640799&zMoatADV=9229046&zMoatDBMIOID=&zMoatDBMCampID=&zMoatDBMCreaID=&zMoatENV=j:0
[  120221ms] [ERROR] Failed to load resource: net::ERR_NAME_NOT_RESOLVED @ https://z.moatads.com/havasfrorangedcmdisplay758646212611/moatad.js#moatClientLevel1=31026873&moatClientLevel2=4440622&moatClientLevel3=380981581&moatClientLevel4=231640799&zMoatADV=9229046&zMoatDBMIOID=&zMoatDBMCampID=&zMoatDBMCreaID=&zMoatENV=j:0
[  120451ms] [ERROR] Attestation check for Attribution Reporting on https://ad.doubleclick.net failed. @ https://www.automationexercise.com/signup:0
[  120451ms] [ERROR] Attestation check for Attribution Reporting on https://ad.doubleclick.net failed. @ https://www.automationexercise.com/signup:0
[  120232ms] [ERROR] Attestation check for Shared Storage on https://www.googleadservices.com failed. @ https://www.googleadservices.com/pagead/managed/js/activeview/current/reach_worklet.html:0
[  120494ms] [ERROR] Attestation check for Shared Storage on https://www.googleadservices.com failed. @ https://www.googleadservices.com/pagead/managed/js/activeview/current/reach_worklet.html:0
[  120707ms] [ERROR] Failed to load resource: the server responded with a status of 404 () @ https://static.admaster.cc/js/admaster/cookieSync.html?tn=2ce2e6e33746b4224011d22068a89c02:0
[  255204ms] [ERROR] Mixed Content: The page at 'https://www.automationexercise.com/login' was loaded over HTTPS, but requested an insecure stylesheet 'http://fonts.googleapis.com/css?family=Roboto:400,300,400italic,500,700,100'. This request has been blocked; the content must be served over HTTPS. @ https://www.automationexercise.com/login:18
[  255204ms] [ERROR] Mixed Content: The page at 'https://www.automationexercise.com/login' was loaded over HTTPS, but requested an insecure stylesheet 'http://fonts.googleapis.com/css?family=Open+Sans:400,800,300,600,700'. This request has been blocked; the content must be served over HTTPS. @ https://www.automationexercise.com/login:18
[  255204ms] [ERROR] Mixed Content: The page at 'https://www.automationexercise.com/login' was loaded over HTTPS, but requested an insecure stylesheet 'http://fonts.googleapis.com/css?family=Abel'. This request has been blocked; the content must be served over HTTPS. @ https://www.automationexercise.com/login:18
[  255210ms] [VERBOSE] [DOM] Input elements should have autocomplete attributes (suggested: "current-password"): (More info: https://goo.gl/9p2vKq) %o @ https://www.automationexercise.com/login:0
[  256019ms] [ERROR] Mixed Content: The page at 'https://www.automationexercise.com/signup' was loaded over HTTPS, but requested an insecure stylesheet 'http://fonts.googleapis.com/css?family=Roboto:400,300,400italic,500,700,100'. This request has been blocked; the content must be served over HTTPS. @ https://www.automationexercise.com/signup:18
[  256019ms] [ERROR] Mixed Content: The page at 'https://www.automationexercise.com/signup' was loaded over HTTPS, but requested an insecure stylesheet 'http://fonts.googleapis.com/css?family=Open+Sans:400,800,300,600,700'. This request has been blocked; the content must be served over HTTPS. @ https://www.automationexercise.com/signup:18
[  256019ms] [ERROR] Mixed Content: The page at 'https://www.automationexercise.com/signup' was loaded over HTTPS, but requested an insecure stylesheet 'http://fonts.googleapis.com/css?family=Abel'. This request has been blocked; the content must be served over HTTPS. @ https://www.automationexercise.com/signup:18
[  256031ms] [VERBOSE] [DOM] Input elements should have autocomplete attributes (suggested: "current-password"): (More info: https://goo.gl/9p2vKq) %o @ https://www.automationexercise.com/signup:0
[  256726ms] [ERROR] Attestation check for Shared Storage on https://www.googleadservices.com failed. @ https://www.googleadservices.com/pagead/managed/js/activeview/current/reach_worklet.html:0
[  256726ms] [ERROR] Attestation check for Shared Storage on https://www.googleadservices.com failed. @ https://www.googleadservices.com/pagead/managed/js/activeview/current/reach_worklet.html:0
[  257305ms] [ERROR] Attestation check for Shared Storage on https://www.googleadservices.com failed. @ https://www.googleadservices.com/pagead/managed/js/activeview/current/reach_worklet.html:0
[  288083ms] [ERROR] Mixed Content: The page at 'https://www.automationexercise.com/signup' was loaded over HTTPS, but requested an insecure stylesheet 'http://fonts.googleapis.com/css?family=Roboto:400,300,400italic,500,700,100'. This request has been blocked; the content must be served over HTTPS. @ https://www.automationexercise.com/signup:18
[  288083ms] [ERROR] Mixed Content: The page at 'https://www.automationexercise.com/signup' was loaded over HTTPS, but requested an insecure stylesheet 'http://fonts.googleapis.com/css?family=Open+Sans:400,800,300,600,700'. This request has been blocked; the content must be served over HTTPS. @ https://www.automationexercise.com/signup:18
[  288083ms] [ERROR] Mixed Content: The page at 'https://www.automationexercise.com/signup' was loaded over HTTPS, but requested an insecure stylesheet 'http://fonts.googleapis.com/css?family=Abel'. This request has been blocked; the content must be served over HTTPS. @ https://www.automationexercise.com/signup:18
[  288089ms] [VERBOSE] [DOM] Input elements should have autocomplete attributes (suggested: "current-password"): (More info: https://goo.gl/9p2vKq) %o @ https://www.automationexercise.com/signup:0
[  289155ms] [ERROR] Attestation check for Shared Storage on https://www.googleadservices.com failed. @ https://www.googleadservices.com/pagead/managed/js/activeview/current/reach_worklet.html:0
[  413070ms] [ERROR] Mixed Content: The page at 'https://www.automationexercise.com/login' was loaded over HTTPS, but requested an insecure stylesheet 'http://fonts.googleapis.com/css?family=Roboto:400,300,400italic,500,700,100'. This request has been blocked; the content must be served over HTTPS. @ https://www.automationexercise.com/login:18
[  413070ms] [ERROR] Mixed Content: The page at 'https://www.automationexercise.com/login' was loaded over HTTPS, but requested an insecure stylesheet 'http://fonts.googleapis.com/css?family=Open+Sans:400,800,300,600,700'. This request has been blocked; the content must be served over HTTPS. @ https://www.automationexercise.com/login:18
[  413070ms] [ERROR] Mixed Content: The page at 'https://www.automationexercise.com/login' was loaded over HTTPS, but requested an insecure stylesheet 'http://fonts.googleapis.com/css?family=Abel'. This request has been blocked; the content must be served over HTTPS. @ https://www.automationexercise.com/login:18
[  413077ms] [VERBOSE] [DOM] Input elements should have autocomplete attributes (suggested: "current-password"): (More info: https://goo.gl/9p2vKq) %o @ https://www.automationexercise.com/login:0
[  413913ms] [ERROR] Attestation check for Shared Storage on https://www.googleadservices.com failed. @ https://www.googleadservices.com/pagead/managed/js/activeview/current/reach_worklet.html:0
[  414687ms] [ERROR] Mixed Content: The page at 'https://www.automationexercise.com/signup' was loaded over HTTPS, but requested an insecure stylesheet 'http://fonts.googleapis.com/css?family=Roboto:400,300,400italic,500,700,100'. This request has been blocked; the content must be served over HTTPS. @ https://www.automationexercise.com/signup:18
[  414687ms] [ERROR] Mixed Content: The page at 'https://www.automationexercise.com/signup' was loaded over HTTPS, but requested an insecure stylesheet 'http://fonts.googleapis.com/css?family=Open+Sans:400,800,300,600,700'. This request has been blocked; the content must be served over HTTPS. @ https://www.automationexercise.com/signup:18
[  414687ms] [ERROR] Mixed Content: The page at 'https://www.automationexercise.com/signup' was loaded over HTTPS, but requested an insecure stylesheet 'http://fonts.googleapis.com/css?family=Abel'. This request has been blocked; the content must be served over HTTPS. @ https://www.automationexercise.com/signup:18
[  414698ms] [VERBOSE] [DOM] Input elements should have autocomplete attributes (suggested: "current-password"): (More info: https://goo.gl/9p2vKq) %o @ https://www.automationexercise.com/signup:0
[  415338ms] [ERROR] Attestation check for Shared Storage on https://www.googleadservices.com failed. @ https://www.googleadservices.com/pagead/managed/js/activeview/current/reach_worklet.html:0
[  415338ms] [ERROR] Attestation check for Shared Storage on https://www.googleadservices.com failed. @ https://www.googleadservices.com/pagead/managed/js/activeview/current/reach_worklet.html:0
[  415605ms] [ERROR] Attestation check for Shared Storage on https://www.googleadservices.com failed. @ https://www.googleadservices.com/pagead/managed/js/activeview/current/reach_worklet.html:0
[  415856ms] [ERROR] Failed to load resource: the server responded with a status of 404 () @ https://static.admaster.cc/js/admaster/cookieSync.html?tn=2ce2e6e33746b4224011d22068a89c02:0
